2026-09-08 16:23:07,995 - INFO - Starting the logging process
2026-09-08 16:23:07,995 - INFO - Input file read successfully
2026-09-08 16:23:07,995 - INFO - Error lines found: 3 Error Lines
2026-09-08 16:23:07,998 - INFO - Error lines written successfully
2026-09-08 16:23:07,998 - INFO - Bot runned successfully
2026-09-08 16:23:28,677 - ERROR - An error occurred: 'Logger' object has no attribute 'info'
2026-09-08 16:23:45,915 - ERROR - An error occurred: 'Logger' object has no attribute 'info'
2026-09-08 16:24:02,122 - INFO - Starting the logging process
2026-09-08 16:24:02,122 - INFO - Input file read successfully
2026-09-08 16:24:02,123 - INFO - Error lines found: 3 Error Lines
2026-09-08 16:24:02,123 - INFO - Error lines written successfully
2026-09-08 16:24:02,124 - INFO - Bot runned successfully
2026-09-08 16:24:02,124 - INFO - Processing completed
2026-09-08 16:25:10,931 - INFO - Starting the logging process
2026-09-08 16:25:10,932 - INFO - Input file read successfully
2026-09-08 16:25:10,932 - INFO - Error lines found: 0 Error Lines
2026-09-08 16:25:10,932 - INFO - Error lines written successfully
2026-09-08 16:25:10,932 - INFO - Bot runned successfully
2026-09-08 16:25:10,932 - INFO - Processing completed
2026-09-08 16:26:26,859 - INFO - Starting the logging process
2026-09-08 16:26:26,859 - INFO - Input file read successfully
2026-09-08 16:26:26,860 - INFO - Error lines found: 0 Error Lines
2026-09-08 16:26:26,860 - INFO - Error lines found: 0 Error Lines
2026-09-08 16:26:26,860 - INFO - Error lines found: 0 Error Lines
2026-09-08 16:26:26,860 - INFO - Error lines found: 0 Error Lines
2026-09-08 16:26:26,860 - INFO - Error lines found: 0 Error Lines
2026-09-08 16:26:26,860 - INFO - Error lines found: 0 Error Lines
2026-09-08 16:26:26,860 - INFO - Error lines found: 0 Error Lines
2026-09-08 16:26:26,860 - INFO - Error lines found: 0 Error Lines
2026-09-08 16:26:26,860 - INFO - Error lines written successfully
2026-09-08 16:26:26,860 - INFO - Bot runned successfully
2026-09-08 16:26:26,861 - INFO - Processing completed
2026-09-08 16:27:50,644 - INFO - Starting the logging process
2026-09-08 16:27:50,645 - INFO - Input file read successfully
2026-09-08 16:27:50,645 - INFO - Error lines written successfully
2026-09-08 16:27:50,645 - INFO - Bot runned successfully
2026-09-08 16:27:50,645 - INFO - Processing completed
2026-09-08 16:28:05,751 - INFO - Starting the logging process
2026-09-08 16:28:05,751 - INFO - Input file read successfully
2026-09-08 16:28:05,751 - INFO - Error lines found: 1 Error Lines
2026-09-08 16:28:05,751 - INFO - Error lines found: 2 Error Lines
2026-09-08 16:28:05,751 - INFO - Error lines found: 3 Error Lines
2026-09-08 16:28:05,752 - INFO - Error lines written successfully
2026-09-08 16:28:05,752 - INFO - Bot runned successfully
2026-09-08 16:28:05,752 - INFO - Processing completed
